// Jest Snapshot v1, https://goo.gl/fbAQLP

exports[`should render ExpenseListItem properly 1`] = `
<div>
  <Link
    replace={false}
    to="edit/undefined"
  >
    <h3>
       
       
    </h3>
  </Link>
  <p>
    $0.00
    -
    December 31st, 1969
  </p>
</div>
`;
